// Jest Snapshot v1, https://goo.gl/fbAQLP

exports[`Header component should render header component correctly 1`] = `
<div
  className="header"
>
  <h1
    className="text-center border-bottom"
  />
  <p
    className="text-center"
  />
</div>
`;
